module_presentation,date,total_clicks
AAA_2013J,8,26
AAA_2013J,-10,70
GGG_2014J,267,37
GGG_2014J,268,34
GGG_2014J,269,39
